
> amore-five@0.1.0 build
> next build

Γû▓ Next.js 16.2.1 (Turbopack)

  Creating an optimized production build ...
node.exe : 
At C:\Program Files\nodejs\npm.ps1:29 
char:3
+   & $NODE_EXE $NPM_CLI_JS $args
+   ~~~~~~~~~~~~~~~~~~~~~~~~~~~~~
    + CategoryInfo          : NotSpecifi 
   ed: (:String) [], RemoteException
    + FullyQualifiedErrorId : NativeComm 
   andError
 
> Build error occurred
Error: Turbopack build failed with 4 
errors:
./src/components/contact/ContactForm.tsx:
5:1
Export Facebook doesn't exist in target 
module
  [90m3 |[0m [36mimport[0m { c 
[36mas[0m _c } [36mfrom[0m 
[32m"react/compiler-runtime"[0m;
  [90m4 |[0m [36mimport[0m { 
useScrollReveal } [36mfrom[0m 
[32m"@/hooks/useScrollReveal"[0m;
[31m[1m>[0m [90m5 |[0m 
[36mimport[0m { [33mMail[0m, 
[33mPhone[0m, [33mMapPin[0m, 
[33mInstagram[0m, [33mFacebook[0m } 
[36mfrom[0m [32m"lucide-react"[0m;
  [90m  |[0m [31m[1m^^^^^^^^^^^^^^^^^
^^^^^^^^^^^^^^^^^^^^^^^^^^^^^^^^^^^^^^^^^
^^^^^^^^^^^^^^[0m
  [90m6 |[0m [36mexport[0m 
[36mdefault[0m [36mfunction[0m 
[33mContactForm[0m() {
  [90m7 |[0m   [36mconst[0m $ = 
_c([35m18[0m);
  [90m8 |[0m   [36mconst[0m ref = 
useScrollReveal();

The export Facebook was not found in 
module [project]/node_modules/lucide-reac
t/dist/esm/lucide-react.js [app-client] 
(ecmascript).
Did you mean to import Webhook?
All exports of the module are statically 
known (It doesn't have dynamic exports). 
So it's known statically that the 
requested export doesn't exist.

Import trace:
  Server Component:
    
./src/components/contact/ContactForm.tsx
    ./src/app/contact/page.tsx


./src/components/contact/ContactForm.tsx:
4:1
Export Facebook doesn't exist in target 
module
  [90m2 |[0m
  [90m3 |[0m [36mimport[0m { 
useScrollReveal } [36mfrom[0m 
[32m"@/hooks/useScrollReveal"[0m;
[31m[1m>[0m [90m4 |[0m 
[36mimport[0m { [33mMail[0m, 
[33mPhone[0m, [33mMapPin[0m, 
[33mInstagram[0m, [33mFacebook[0m } 
[36mfrom[0m [32m"lucide-react"[0m;
  [90m  |[0m [31m[1m^^^^^^^^^^^^^^^^^
^^^^^^^^^^^^^^^^^^^^^^^^^^^^^^^^^^^^^^^^^
^^^^^^^^^^^^^^[0m
  [90m5 |[0m
  [90m6 |[0m [36mexport[0m 
[36mdefault[0m [36mfunction[0m 
[33mContactForm[0m() {
  [90m7 |[0m   [36mconst[0m ref = 
useScrollReveal();

The export Facebook was not found in 
module [project]/node_modules/lucide-reac
t/dist/esm/lucide-react.js [app-ssr] 
(ecmascript).
Did you mean to import Webhook?
All exports of the module are statically 
known (It doesn't have dynamic exports). 
So it's known statically that the 
requested export doesn't exist.

Import trace:
  Server Component:
    
./src/components/contact/ContactForm.tsx
    ./src/app/contact/page.tsx


./src/components/contact/ContactForm.tsx:
5:1
Export Instagram doesn't exist in target 
module
  [90m3 |[0m [36mimport[0m { c 
[36mas[0m _c } [36mfrom[0m 
[32m"react/compiler-runtime"[0m;
  [90m4 |[0m [36mimport[0m { 
useScrollReveal } [36mfrom[0m 
[32m"@/hooks/useScrollReveal"[0m;
[31m[1m>[0m [90m5 |[0m 
[36mimport[0m { [33mMail[0m, 
[33mPhone[0m, [33mMapPin[0m, 
[33mInstagram[0m, [33mFacebook[0m } 
[36mfrom[0m [32m"lucide-react"[0m;
  [90m  |[0m [31m[1m^^^^^^^^^^^^^^^^^
^^^^^^^^^^^^^^^^^^^^^^^^^^^^^^^^^^^^^^^^^
^^^^^^^^^^^^^^[0m
  [90m6 |[0m [36mexport[0m 
[36mdefault[0m [36mfunction[0m 
[33mContactForm[0m() {
  [90m7 |[0m   [36mconst[0m $ = 
_c([35m18[0m);
  [90m8 |[0m   [36mconst[0m ref = 
useScrollReveal();

The export Instagram was not found in 
module [project]/node_modules/lucide-reac
t/dist/esm/lucide-react.js [app-client] 
(ecmascript).
Did you mean to import Star?
All exports of the module are statically 
known (It doesn't have dynamic exports). 
So it's known statically that the 
requested export doesn't exist.

Import trace:
  Server Component:
    
./src/components/contact/ContactForm.tsx
    ./src/app/contact/page.tsx


./src/components/contact/ContactForm.tsx:
4:1
Export Instagram doesn't exist in target 
module
  [90m2 |[0m
  [90m3 |[0m [36mimport[0m { 
useScrollReveal } [36mfrom[0m 
[32m"@/hooks/useScrollReveal"[0m;
[31m[1m>[0m [90m4 |[0m 
[36mimport[0m { [33mMail[0m, 
[33mPhone[0m, [33mMapPin[0m, 
[33mInstagram[0m, [33mFacebook[0m } 
[36mfrom[0m [32m"lucide-react"[0m;
  [90m  |[0m [31m[1m^^^^^^^^^^^^^^^^^
^^^^^^^^^^^^^^^^^^^^^^^^^^^^^^^^^^^^^^^^^
^^^^^^^^^^^^^^[0m
  [90m5 |[0m
  [90m6 |[0m [36mexport[0m 
[36mdefault[0m [36mfunction[0m 
[33mContactForm[0m() {
  [90m7 |[0m   [36mconst[0m ref = 
useScrollReveal();

The export Instagram was not found in 
module [project]/node_modules/lucide-reac
t/dist/esm/lucide-react.js [app-ssr] 
(ecmascript).
Did you mean to import Star?
All exports of the module are statically 
known (It doesn't have dynamic exports). 
So it's known statically that the 
requested export doesn't exist.

Import trace:
  Server Component:
    
./src/components/contact/ContactForm.tsx
    ./src/app/contact/page.tsx


    at <unknown> (./src/components/contac
t/ContactForm.tsx:5:1)
    at <unknown> (./src/components/contac
t/ContactForm.tsx:4:1)
    at <unknown> (./src/components/contac
t/ContactForm.tsx:5:1)
    at <unknown> (./src/components/contac
t/ContactForm.tsx:4:1)
